Python version: 3.14.0 (main, Oct 17 2025, 00:00:00) [GCC 15.2.1 20251022 (Red Hat 15.2.1-3)]
Hello from test_env.py
Pandas imported successfully
Numpy imported successfully
ImportError: No module named 'tensorflow'
